
[TestConfig/Test_the_default_config_command - 1]
┌──────────────────────┬─────────────────────┬─────────────────────┐
│       Setting        │    Global Value     │     Local Value     │
├──────────────────────┼─────────────────────┼─────────────────────┤
│ activate             │ [1mtrue[0m                │ [1mtrue[0m                │
├──────────────────────┼─────────────────────┼─────────────────────┤
│ admin.email          │ [1madmin@sites.kana.li[0m │ [1madmin@sites.kana.li[0m │
├──────────────────────┼─────────────────────┼─────────────────────┤
│ admin.password       │ [1mpassword[0m            │ [1mpassword[0m            │
├──────────────────────┼─────────────────────┼─────────────────────┤
│ admnin.username      │ [1madmin[0m               │ [1madmin[0m               │
├──────────────────────┼─────────────────────┼─────────────────────┤
│ automaticLogin       │ [1mtrue[0m                │ [1mtrue[0m                │
├──────────────────────┼─────────────────────┼─────────────────────┤
│ databaseClient       │ [1mphpmyadmin[0m          │ [1mphpmyadmin[0m          │
├──────────────────────┼─────────────────────┼─────────────────────┤
│ environment          │ [1mlocal[0m               │ [1mlocal[0m               │
├──────────────────────┼─────────────────────┼─────────────────────┤
│ imageUpdateDays      │ [1m7[0m                   │                     │
├──────────────────────┼─────────────────────┼─────────────────────┤
│ mailpit              │ [1mfalse[0m               │ [1mfalse[0m               │
├──────────────────────┼─────────────────────┼─────────────────────┤
│ mariadb              │ [1m11[0m                  │ [1m11[0m                  │
├──────────────────────┼─────────────────────┼─────────────────────┤
│ multisite            │ [1mnone[0m                │ [1mnone[0m                │
├──────────────────────┼─────────────────────┼─────────────────────┤
│ php                  │ [1m8.2[0m                 │ [1m8.2[0m                 │
├──────────────────────┼─────────────────────┼─────────────────────┤
│ plugins              │                     │                     │
├──────────────────────┼─────────────────────┼─────────────────────┤
│ removeDefaultPlugins │ [1mfalse[0m               │ [1mfalse[0m               │
├──────────────────────┼─────────────────────┼─────────────────────┤
│ ssl                  │ [1mfalse[0m               │ [1mfalse[0m               │
├──────────────────────┼─────────────────────┼─────────────────────┤
│ scriptdebug          │ [1mfalse[0m               │ [1mfalse[0m               │
├──────────────────────┼─────────────────────┼─────────────────────┤
│ theme                │                     │                     │
├──────────────────────┼─────────────────────┼─────────────────────┤
│ type                 │ [1msite[0m                │ [1msite[0m                │
├──────────────────────┼─────────────────────┼─────────────────────┤
│ wpdebug              │ [1mfalse[0m               │ [1mfalse[0m               │
├──────────────────────┼─────────────────────┼─────────────────────┤
│ xdebug               │ [1mfalse[0m               │ [1mfalse[0m               │
└──────────────────────┴─────────────────────┴─────────────────────┘

---

[TestConfig/Retrieve_the_PHP_value_from_the_config_command - 1]
8.2

---
